client/src/App.tsx(172,16): error TS2345: Argument of type '"general"' is not assignable to parameter of type 'AppMode'.
client/src/components/mode-banner.tsx(19,19): error TS2322: Type '"link"' is not assignable to type '"default" | "destructive" | "outline" | "secondary" | "ghost" | null | undefined'.
client/src/components/mode-banner.tsx(38,19): error TS2322: Type '"link"' is not assignable to type '"default" | "destructive" | "outline" | "secondary" | "ghost" | null | undefined'.
client/src/components/study-chips.tsx(151,11): error TS2322: Type '"link"' is not assignable to type '"default" | "destructive" | "outline" | "secondary" | "ghost" | null | undefined'.
client/src/components/study-nudge-banner.tsx(810,30): error TS2345: Argument of type '"study_fresh_start"' is not assignable to parameter of type 'EventType'.
client/src/components/welcome-modal.tsx(49,11): error TS2339: Property 'verticalMode' does not exist on type 'ModeContextType'.
client/src/pages/AdminPage.tsx(1327,41): error TS2339: Property 'lastLoginAt' does not exist on type 'UserWithDetails'.
client/src/pages/AdminPage.tsx(1327,108): error TS2339: Property 'lastLoginAt' does not exist on type 'UserWithDetails'.
client/src/pages/home.tsx(229,12): error TS2678: Type '"healthcare"' is not comparable to type 'VerticalMode'.
client/src/pages/home.tsx(1228,21): error TS2345: Argument of type '(prev: ChatMessage[]) => (ChatMessage | { id: string; type: "answer"; content: any; citations: any; evidencePreview: any; versionUsed: string; isCompareMode: boolean; compareLabel: string; })[]' is not assignable to parameter of type 'SetStateAction<ChatMessage[]>'.
  Type '(prev: ChatMessage[]) => (ChatMessage | { id: string; type: "answer"; content: any; citations: any; evidencePreview: any; versionUsed: string; isCompareMode: boolean; compareLabel: string; })[]' is not assignable to type '(prevState: ChatMessage[]) => ChatMessage[]'.
    Type '(ChatMessage | { id: string; type: "answer"; content: any; citations: any; evidencePreview: any; versionUsed: string; isCompareMode: boolean; compareLabel: string; })[]' is not assignable to type 'ChatMessage[]'.
      Type 'ChatMessage | { id: string; type: "answer"; content: any; citations: any; evidencePreview: any; versionUsed: string; isCompareMode: boolean; compareLabel: string; }' is not assignable to type 'ChatMessage'.
        Type '{ id: string; type: "answer"; content: any; citations: any; evidencePreview: any; versionUsed: string; isCompareMode: boolean; compareLabel: string; }' is not assignable to type 'ChatMessage'.
          Types of property 'versionUsed' are incompatible.
            Type 'string' is not assignable to type '"original" | "prepared" | undefined'.
client/src/pages/home.tsx(1239,21): error TS2345: Argument of type '(prev: ChatMessage[]) => (ChatMessage | { id: string; type: "answer"; content: any; citations: any; evidencePreview: any; versionUsed: string; isCompareMode: boolean; compareLabel: string; })[]' is not assignable to parameter of type 'SetStateAction<ChatMessage[]>'.
  Type '(prev: ChatMessage[]) => (ChatMessage | { id: string; type: "answer"; content: any; citations: any; evidencePreview: any; versionUsed: string; isCompareMode: boolean; compareLabel: string; })[]' is not assignable to type '(prevState: ChatMessage[]) => ChatMessage[]'.
    Type '(ChatMessage | { id: string; type: "answer"; content: any; citations: any; evidencePreview: any; versionUsed: string; isCompareMode: boolean; compareLabel: string; })[]' is not assignable to type 'ChatMessage[]'.
      Type 'ChatMessage | { id: string; type: "answer"; content: any; citations: any; evidencePreview: any; versionUsed: string; isCompareMode: boolean; compareLabel: string; }' is not assignable to type 'ChatMessage'.
        Type '{ id: string; type: "answer"; content: any; citations: any; evidencePreview: any; versionUsed: string; isCompareMode: boolean; compareLabel: string; }' is not assignable to type 'ChatMessage'.
          Types of property 'versionUsed' are incompatible.
            Type 'string' is not assignable to type '"original" | "prepared" | undefined'.
client/src/pages/home.tsx(2397,93): error TS2339: Property 'click' does not exist on type 'Element'.
client/src/pages/home.tsx(2708,93): error TS2339: Property 'click' does not exist on type 'Element'.
client/src/pages/home.tsx(2995,91): error TS2339: Property 'click' does not exist on type 'Element'.
client/src/pages/quiz-scan.tsx(290,19): error TS2322: Type '"link"' is not assignable to type '"default" | "destructive" | "outline" | "secondary" | "ghost" | null | undefined'.
server/content-protection.ts(112,15): error TS2352: Conversion of type 'CategoryScores' to type 'Record<string, number>' may be a mistake because neither type sufficiently overlaps with the other. If this was intentional, convert the expression to 'unknown' first.
  Index signature for type 'string' is missing in type 'CategoryScores'.
server/document-validation.ts(152,61): error TS2339: Property 'totalPages' does not exist on type 'TextResult'.
server/document-validation.ts(161,27): error TS2552: Cannot find name 'bufferStr'. Did you mean 'Buffer'?
server/document-validation.ts(161,59): error TS2552: Cannot find name 'bufferStr'. Did you mean 'Buffer'?
server/invoice-extraction.ts(83,44): error TS2345: Argument of type '{ userId: string; assetId: string | null; filename: string; vendorName: null; invoiceNumber: null; invoiceDate: null; dueDate: null; totalAmount: null; currency: string; status: "EXTRACTING"; errorMessage: null; rawExtractedData: null; }' is not assignable to parameter of type '{ status: "UPLOADED" | "ERROR" | "EXTRACTING" | "EXTRACTED"; filename: string; errorMessage: string | null; assetId: string | null; userId: string; vendorName: string | null; invoiceNumber: string | null; ... 10 more ...; normalizedAt: string | null; }'.
  Type '{ userId: string; assetId: string | null; filename: string; vendorName: null; invoiceNumber: null; invoiceDate: null; dueDate: null; totalAmount: null; currency: string; status: "EXTRACTING"; errorMessage: null; rawExtractedData: null; }' is missing the following properties from type '{ status: "UPLOADED" | "ERROR" | "EXTRACTING" | "EXTRACTED"; filename: string; errorMessage: string | null; assetId: string | null; userId: string; vendorName: string | null; invoiceNumber: string | null; ... 10 more ...; normalizedAt: string | null; }': extractedJsonOriginal, extractedJsonNormalized, activeExtractedJson, normalizationStatus, and 2 more.
server/invoice-extraction.ts(208,44): error TS2345: Argument of type '{ userId: string; assetId: null; filename: string; vendorName: string | null; invoiceNumber: string | null; invoiceDate: string | null; dueDate: string | null; totalAmount: number | null; currency: string; status: "EXTRACTED"; errorMessage: null; rawExtractedData: string; }' is not assignable to parameter of type '{ status: "UPLOADED" | "ERROR" | "EXTRACTING" | "EXTRACTED"; filename: string; errorMessage: string | null; assetId: string | null; userId: string; vendorName: string | null; invoiceNumber: string | null; ... 10 more ...; normalizedAt: string | null; }'.
  Type '{ userId: string; assetId: null; filename: string; vendorName: string | null; invoiceNumber: string | null; invoiceDate: string | null; dueDate: string | null; totalAmount: number | null; currency: string; status: "EXTRACTED"; errorMessage: null; rawExtractedData: string; }' is missing the following properties from type '{ status: "UPLOADED" | "ERROR" | "EXTRACTING" | "EXTRACTED"; filename: string; errorMessage: string | null; assetId: string | null; userId: string; vendorName: string | null; invoiceNumber: string | null; ... 10 more ...; normalizedAt: string | null; }': extractedJsonOriginal, extractedJsonNormalized, activeExtractedJson, normalizationStatus, and 2 more.
server/openai.ts(85,30): error TS2345: Argument of type '"chat_finance"' is not assignable to parameter of type '"document" | "transcription" | "chat" | "embedding" | "vision"'.
server/openai.ts(90,30): error TS2345: Argument of type '"chat_finance"' is not assignable to parameter of type '"document" | "transcription" | "chat" | "embedding" | "vision"'.
server/pilot-referral-routes.ts(53,58): error TS2339: Property 'userId' does not exist on type 'Session & Partial<SessionData>'.
server/pilot-referral-routes.ts(107,58): error TS2339: Property 'userId' does not exist on type 'Session & Partial<SessionData>'.
server/pilot-referral-routes.ts(221,61): error TS2339: Property 'userId' does not exist on type 'Session & Partial<SessionData>'.
server/pilot-referral-routes.ts(337,58): error TS2339: Property 'userId' does not exist on type 'Session & Partial<SessionData>'.
server/pilot-referral-routes.ts(354,58): error TS2339: Property 'userId' does not exist on type 'Session & Partial<SessionData>'.
server/pilot-referral-routes.ts(358,18): error TS2339: Property 'isSuperAdmin' does not exist on type '{ id: string; email: string | null; passwordHash: string | null; authProvider: string | null; userGroup: string | null; signupSource: string | null; firstName: string | null; lastName: string | null; ... 14 more ...; healthAccess: boolean | null; }'.
server/pilot-referral-routes.ts(405,58): error TS2339: Property 'userId' does not exist on type 'Session & Partial<SessionData>'.
server/pilot-referral-routes.ts(409,18): error TS2339: Property 'isSuperAdmin' does not exist on type '{ id: string; email: string | null; passwordHash: string | null; authProvider: string | null; userGroup: string | null; signupSource: string | null; firstName: string | null; lastName: string | null; ... 14 more ...; healthAccess: boolean | null; }'.
server/reconciliation-engine.ts(76,54): error TS2345: Argument of type '{ runId: string; invoiceLineItemId: string; timeEntryId: null; discrepancyType: "MISSING_TIME_ENTRY"; invoiceValue: string; timeEntryValue: null; difference: number; description: string; severity: "LOW" | ... 1 more ... | "HIGH"; resolved: false; resolvedAt: null; }' is not assignable to parameter of type '{ status: "OPEN" | "REVIEW_PENDING" | "APPROVED" | "REJECTED" | "ACCEPTED_AS_IS"; description: string; runId: string; invoiceLineItemId: string | null; timeEntryId: string | null; ... 9 more ...; adjustedValue: string | null; }'.
  Type '{ runId: string; invoiceLineItemId: string; timeEntryId: null; discrepancyType: "MISSING_TIME_ENTRY"; invoiceValue: string; timeEntryValue: null; difference: number; description: string; severity: "LOW" | ... 1 more ... | "HIGH"; resolved: false; resolvedAt: null; }' is missing the following properties from type '{ status: "OPEN" | "REVIEW_PENDING" | "APPROVED" | "REJECTED" | "ACCEPTED_AS_IS"; description: string; runId: string; invoiceLineItemId: string | null; timeEntryId: string | null; ... 9 more ...; adjustedValue: string | null; }': status, resolvedBy, resolutionNotes, adjustedValue
server/reconciliation-engine.ts(98,54): error TS2345: Argument of type '{ runId: string; invoiceLineItemId: string; timeEntryId: null; discrepancyType: "MISSING_TIME_ENTRY"; invoiceValue: string; timeEntryValue: null; difference: number; description: string; severity: "MEDIUM"; resolved: false; resolvedAt: null; }' is not assignable to parameter of type '{ status: "OPEN" | "REVIEW_PENDING" | "APPROVED" | "REJECTED" | "ACCEPTED_AS_IS"; description: string; runId: string; invoiceLineItemId: string | null; timeEntryId: string | null; ... 9 more ...; adjustedValue: string | null; }'.
  Type '{ runId: string; invoiceLineItemId: string; timeEntryId: null; discrepancyType: "MISSING_TIME_ENTRY"; invoiceValue: string; timeEntryValue: null; difference: number; description: string; severity: "MEDIUM"; resolved: false; resolvedAt: null; }' is missing the following properties from type '{ status: "OPEN" | "REVIEW_PENDING" | "APPROVED" | "REJECTED" | "ACCEPTED_AS_IS"; description: string; runId: string; invoiceLineItemId: string | null; timeEntryId: string | null; ... 9 more ...; adjustedValue: string | null; }': status, resolvedBy, resolutionNotes, adjustedValue
server/reconciliation-engine.ts(132,54): error TS2345: Argument of type '{ runId: string; invoiceLineItemId: string; timeEntryId: string; discrepancyType: "HOURS_MISMATCH"; invoiceValue: string; timeEntryValue: string; difference: number; description: string; severity: "MEDIUM" | "HIGH"; resolved: false; resolvedAt: null; }' is not assignable to parameter of type '{ status: "OPEN" | "REVIEW_PENDING" | "APPROVED" | "REJECTED" | "ACCEPTED_AS_IS"; description: string; runId: string; invoiceLineItemId: string | null; timeEntryId: string | null; ... 9 more ...; adjustedValue: string | null; }'.
  Type '{ runId: string; invoiceLineItemId: string; timeEntryId: string; discrepancyType: "HOURS_MISMATCH"; invoiceValue: string; timeEntryValue: string; difference: number; description: string; severity: "MEDIUM" | "HIGH"; resolved: false; resolvedAt: null; }' is missing the following properties from type '{ status: "OPEN" | "REVIEW_PENDING" | "APPROVED" | "REJECTED" | "ACCEPTED_AS_IS"; description: string; runId: string; invoiceLineItemId: string | null; timeEntryId: string | null; ... 9 more ...; adjustedValue: string | null; }': status, resolvedBy, resolutionNotes, adjustedValue
server/reconciliation-engine.ts(150,54): error TS2345: Argument of type '{ runId: string; invoiceLineItemId: string; timeEntryId: string; discrepancyType: "RATE_MISMATCH"; invoiceValue: string; timeEntryValue: string; difference: number; description: string; severity: "MEDIUM" | "HIGH"; resolved: false; resolvedAt: null; }' is not assignable to parameter of type '{ status: "OPEN" | "REVIEW_PENDING" | "APPROVED" | "REJECTED" | "ACCEPTED_AS_IS"; description: string; runId: string; invoiceLineItemId: string | null; timeEntryId: string | null; ... 9 more ...; adjustedValue: string | null; }'.
  Type '{ runId: string; invoiceLineItemId: string; timeEntryId: string; discrepancyType: "RATE_MISMATCH"; invoiceValue: string; timeEntryValue: string; difference: number; description: string; severity: "MEDIUM" | "HIGH"; resolved: false; resolvedAt: null; }' is missing the following properties from type '{ status: "OPEN" | "REVIEW_PENDING" | "APPROVED" | "REJECTED" | "ACCEPTED_AS_IS"; description: string; runId: string; invoiceLineItemId: string | null; timeEntryId: string | null; ... 9 more ...; adjustedValue: string | null; }': status, resolvedBy, resolutionNotes, adjustedValue
server/reconciliation-engine.ts(169,54): error TS2345: Argument of type '{ runId: string; invoiceLineItemId: null; timeEntryId: string; discrepancyType: "MISSING_INVOICE_LINE"; invoiceValue: null; timeEntryValue: string; difference: number | null; description: string; severity: "MEDIUM" | "HIGH"; resolved: false; resolvedAt: null; }' is not assignable to parameter of type '{ status: "OPEN" | "REVIEW_PENDING" | "APPROVED" | "REJECTED" | "ACCEPTED_AS_IS"; description: string; runId: string; invoiceLineItemId: string | null; timeEntryId: string | null; ... 9 more ...; adjustedValue: string | null; }'.
  Type '{ runId: string; invoiceLineItemId: null; timeEntryId: string; discrepancyType: "MISSING_INVOICE_LINE"; invoiceValue: null; timeEntryValue: string; difference: number | null; description: string; severity: "MEDIUM" | "HIGH"; resolved: false; resolvedAt: null; }' is missing the following properties from type '{ status: "OPEN" | "REVIEW_PENDING" | "APPROVED" | "REJECTED" | "ACCEPTED_AS_IS"; description: string; runId: string; invoiceLineItemId: string | null; timeEntryId: string | null; ... 9 more ...; adjustedValue: string | null; }': status, resolvedBy, resolutionNotes, adjustedValue
server/routes.ts(599,62): error TS2345: Argument of type 'string | null' is not assignable to parameter of type 'string'.
  Type 'null' is not assignable to type 'string'.
server/self-healing.ts(137,29): error TS2339: Property 'contentText' does not exist on type '{ id: string; createdAt: string; kind: "metadata" | "transcript" | "extracted_text" | "ocr_text" | "image_caption" | "fallback_note"; assetId: string; metadataJson?: string | undefined; }'.
server/stripe.ts(273,64): error TS2554: Expected 1-2 arguments, but got 3.
